[dotenv@17.2.3] injecting env (18) from .env -- tip: ≡ƒöÉ prevent committing .env to code: https://dotenvx.com/precommit
node : WARNING: 
Missing environment 
variables: MONGO_URI, 
JWT_SECRET, 
EMAIL_PROVIDER, 
BREVO_API_KEY. Ensure 
they are set in .env
At line:1 char:1
+ node test-brevo-fall
back.js > 
test_output.txt 2>&1
+ ~~~~~~~~~~~~~~~~~~~~
~~~~~~~~~~~~~~~~~~~~~~
~~~~~~~~
    + CategoryInfo    
          : NotSpeci  
  fied: (WARNING: M   
 issin...are set i    
n .env:String) []    
, RemoteException
    + FullyQualifiedE 
   rrorId : NativeCo  
  mmandError
 
[32minfo[39m: ≡ƒöì Initializing Email Service... {"service":"backend-service","timestamp":"2025-12-27T11:50:48.583Z"}
[32minfo[39m:    Provider: brevo-smtp {"service":"backend-service","timestamp":"2025-12-27T11:50:48.585Z"}
[32minfo[39m:    Environment: development {"service":"backend-service","timestamp":"2025-12-27T11:50:48.585Z"}
[31merror[39m: Γ¥î CRITICAL: BREVO_API_KEY not configured! {"service":"backend-service","timestamp":"2025-12-27T11:50:48.585Z"}
[31merror[39m:    Please set BREVO_API_KEY in environment variables {"service":"backend-service","timestamp":"2025-12-27T11:50:48.585Z"}
[31merror[39m:    Get your API key from: https://app.brevo.com/settings/keys/api {"service":"backend-service","timestamp":"2025-12-27T11:50:48.585Z"}
[33mwarn[39m: ΓÜá∩╕Å  SMTP mode selected but credentials missing! {"service":"backend-service","timestamp":"2025-12-27T11:50:48.585Z"}
[33mwarn[39m:    BREVO_SMTP_USER: Γ£ù MISSING {"service":"backend-service","timestamp":"2025-12-27T11:50:48.586Z"}
[33mwarn[39m:    BREVO_SMTP_PASS: Γ£ô {"service":"backend-service","timestamp":"2025-12-27T11:50:48.586Z"}
[33mwarn[39m:    Falling back to API mode... {"service":"backend-service","timestamp":"2025-12-27T11:50:48.586Z"}
--- Testing Brevo Fallback Logic ---
Attemping to send a test mail...
[32minfo[39m: Γä╣∩╕Å  SMTP is unavailable or unverified, using API mode directly {"service":"backend-service","timestamp":"2025-12-27T11:50:48.586Z"}
[31merror[39m: Γ¥î All email delivery methods failed: BREVO_API_KEY is not configured {"service":"backend-service","timestamp":"2025-12-27T11:50:48.587Z"}
Test caught error 
(expected if no API 
key): BREVO_API_KEY 
is not configured
